<?xml version="1.0" encoding="UTF-8"?>
<testsuites name="jest tests" tests="7" failures="0" time="5.533">
  <testsuite name="SetSettingDialog" errors="0" failures="0" skipped="0" timestamp="2020-10-01T19:41:14" time="2.949" tests="1">
    <testcase classname="SetSettingDialog should show popup content" name="SetSettingDialog should show popup content" time="0.006">
    </testcase>
  </testsuite>
  <testsuite name="autoplay" errors="0" failures="0" skipped="0" timestamp="2020-10-01T19:41:14" time="3.438" tests="1">
    <testcase classname="autoplay should register commands" name="autoplay should register commands" time="0.105">
    </testcase>
  </testsuite>
  <testsuite name="autoplay" errors="0" failures="0" skipped="0" timestamp="2020-10-01T19:41:14" time="3.829" tests="5">
    <testcase classname="autoplay should get the notebook metadata for the autoplay key" name="autoplay should get the notebook metadata for the autoplay key" time="0.292">
    </testcase>
    <testcase classname="autoplay should set the notebook metadata for the autoplay key" name="autoplay should set the notebook metadata for the autoplay key" time="0.119">
    </testcase>
    <testcase classname="autoplay should hide code cells" name="autoplay should hide code cells" time="0.112">
    </testcase>
    <testcase classname="autoplay should show code cells" name="autoplay should show code cells" time="0.084">
    </testcase>
    <testcase classname="autoplay should run all cells" name="autoplay should run all cells" time="0.179">
    </testcase>
  </testsuite>
</testsuites>